#-----------------------------------------------------------
# Vivado v2018.3.1 (64-bit)
# SW Build 2489853 on Tue Mar 26 04:20:25 MDT 2019
# IP Build 2486929 on Tue Mar 26 06:44:21 MDT 2019
# Start of session at: Fri Nov 27 05:36:08 2020
# Process ID: 4484
# Current directory: D:/Vivado/catch_pdm_zedboard
# Command line: vivado.exe -gui_launcher_event rodinguilauncherevent15928 D:\Vivado\catch_pdm_zedboard\catch_pdm_zedboard.xpr
# Log file: D:/Vivado/catch_pdm_zedboard/vivado.log
# Journal file: D:/Vivado/catch_pdm_zedboard\vivado.jou
#-----------------------------------------------------------
start_gui
open_project D:/Vivado/catch_pdm_zedboard/catch_pdm_zedboard.xpr
update_compile_order -fileset sources_1
reset_run synth_1
launch_runs impl_1 -to_step write_bitstream -jobs 12
wait_on_run impl_1
config_webtalk -user off
reset_run synth_1
launch_runs impl_1 -to_step write_bitstream -jobs 12
wait_on_run impl_1
set_param  general.maxThreads 8
reset_run synth_1
launch_runs impl_1 -to_step write_bitstream -jobs 12
wait_on_run impl_1
open_run impl_1
report_utilization -name utilization_1
reset_run synth_1
launch_runs impl_1 -to_step write_bitstream -jobs 12
wait_on_run impl_1
reset_run synth_1
launch_runs impl_1 -to_step write_bitstream -jobs 12
wait_on_run impl_1
